\BOOKMARK [1][-]{section*.1}{\376\377\000A\000b\000s\000t\000r\000a\000c\000t}{}% 1
\BOOKMARK [1][-]{section.1}{\376\377\0001\000\040\000I\000n\000t\000r\000o\000d\000u\000c\000t\000i\000o\000n}{}% 2
\BOOKMARK [1][-]{section.2}{\376\377\0002\000\040\000R\000e\000l\000a\000t\000e\000d\000\040\000W\000o\000r\000k}{}% 3
\BOOKMARK [1][-]{section.3}{\376\377\0003\000\040\000S\000y\000s\000t\000e\000m\000\040\000A\000r\000c\000h\000i\000t\000e\000c\000t\000u\000r\000e}{}% 4
\BOOKMARK [2][-]{subsection.3.1}{\376\377\0003\000.\0001\000\040\000T\000h\000r\000e\000e\000\040\000s\000e\000r\000v\000i\000c\000e\000s\000,\000\040\000o\000n\000e\000\040\000c\000a\000p\000a\000b\000i\000l\000i\000t\000y\000\040\000s\000e\000t}{section.3}% 5
\BOOKMARK [2][-]{subsection.3.2}{\376\377\0003\000.\0002\000\040\000F\000i\000v\000e\000\040\000s\000t\000o\000r\000a\000g\000e\000\040\000l\000a\000y\000e\000r\000s\000,\000\040\000o\000n\000e\000\040\000w\000r\000i\000t\000e\000\040\000p\000a\000t\000h}{section.3}% 6
\BOOKMARK [2][-]{subsection.3.3}{\376\377\0003\000.\0003\000\040\000W\000r\000i\000t\000e\040\023\000r\000e\000a\000d\000\040\000a\000s\000y\000m\000m\000e\000t\000r\000y}{section.3}% 7
\BOOKMARK [2][-]{subsection.3.4}{\376\377\0003\000.\0004\000\040\000H\000i\000e\000r\000a\000r\000c\000h\000i\000c\000a\000l\000\040\000k\000n\000o\000w\000l\000e\000d\000g\000e\000\040\000b\000a\000s\000e\000s}{section.3}% 8
\BOOKMARK [2][-]{subsection.3.5}{\376\377\0003\000.\0005\000\040\000D\000e\000s\000i\000g\000n\000\040\000p\000r\000i\000n\000c\000i\000p\000l\000e\000s}{section.3}% 9
\BOOKMARK [1][-]{section.4}{\376\377\0004\000\040\000Q\000d\000c\000v\000r\000:\000\040\000C\000o\000n\000t\000e\000n\000t\000-\000A\000d\000j\000u\000d\000i\000c\000a\000t\000e\000d\000\040\000R\000e\000t\000r\000i\000e\000v\000a\000l}{}% 10
\BOOKMARK [2][-]{subsection.4.1}{\376\377\0004\000.\0001\000\040\000S\000t\000a\000g\000e\000\040\0000\000:\000\040\000I\000n\000t\000e\000n\000t\000\040\000a\000n\000d\000\040\000Q\000u\000e\000r\000y\000\040\000R\000e\000w\000r\000i\000t\000i\000n\000g}{section.4}% 11
\BOOKMARK [2][-]{subsection.4.2}{\376\377\0004\000.\0002\000\040\000S\000t\000a\000g\000e\000\040\0001\000:\000\040\000D\000o\000m\000a\000i\000n\000\040\000S\000c\000o\000p\000i\000n\000g}{section.4}% 12
\BOOKMARK [2][-]{subsection.4.3}{\376\377\0004\000.\0003\000\040\000S\000t\000a\000g\000e\000\040\0002\000:\000\040\000T\000w\000o\000-\000S\000t\000a\000g\000e\000\040\000R\000e\000c\000a\000l\000l}{section.4}% 13
\BOOKMARK [2][-]{subsection.4.4}{\376\377\0004\000.\0004\000\040\000S\000t\000a\000g\000e\000\040\0003\000:\000\040\000D\000e\000d\000u\000p\000l\000i\000c\000a\000t\000i\000o\000n\000\040\000a\000n\000d\000\040\000T\000h\000r\000e\000s\000h\000o\000l\000d\000i\000n\000g}{section.4}% 14
\BOOKMARK [2][-]{subsection.4.5}{\376\377\0004\000.\0005\000\040\000S\000t\000a\000g\000e\000\040\0004\000:\000\040\000C\000o\000n\000t\000e\000n\000t\000\040\000A\000d\000j\000u\000d\000i\000c\000a\000t\000i\000o\000n}{section.4}% 15
\BOOKMARK [2][-]{subsection.4.6}{\376\377\0004\000.\0006\000\040\000S\000t\000a\000g\000e\000\040\0005\040\023\0006\000:\000\040\000T\000i\000e\000r\000i\000n\000g\000\040\000a\000n\000d\000\040\000B\000l\000i\000n\000d\000-\000S\000p\000o\000t\000\040\000D\000e\000c\000l\000a\000r\000a\000t\000i\000o\000n}{section.4}% 16
\BOOKMARK [1][-]{section.5}{\376\377\0005\000\040\000E\000x\000p\000e\000r\000i\000e\000n\000c\000e\000\040\000L\000i\000f\000e\000c\000y\000c\000l\000e}{}% 17
\BOOKMARK [2][-]{subsection.5.1}{\376\377\0005\000.\0001\000\040\000L\000i\000f\000e\000c\000y\000c\000l\000e}{section.5}% 18
\BOOKMARK [2][-]{subsection.5.2}{\376\377\0005\000.\0002\000\040\000C\000r\000e\000d\000i\000b\000i\000l\000i\000t\000y\000\040\000T\000i\000e\000r\000s}{section.5}% 19
\BOOKMARK [2][-]{subsection.5.3}{\376\377\0005\000.\0003\000\040\000T\000e\000m\000p\000o\000r\000a\000l\000\040\000D\000e\000c\000a\000y}{section.5}% 20
\BOOKMARK [2][-]{subsection.5.4}{\376\377\0005\000.\0004\000\040\000M\000u\000l\000t\000i\000-\000P\000a\000t\000h\000\040\000R\000e\000t\000r\000i\000e\000v\000a\000l}{section.5}% 21
\BOOKMARK [1][-]{section.6}{\376\377\0006\000\040\000A\000g\000e\000n\000t\000-\000N\000a\000t\000i\000v\000e\000\040\000I\000n\000t\000e\000r\000f\000a\000c\000e}{}% 22
\BOOKMARK [1][-]{section.7}{\376\377\0007\000\040\000E\000v\000a\000l\000u\000a\000t\000i\000o\000n}{}% 23
\BOOKMARK [2][-]{subsection.7.1}{\376\377\0007\000.\0001\000\040\000R\000e\000s\000e\000a\000r\000c\000h\000\040\000Q\000u\000e\000s\000t\000i\000o\000n\000s}{section.7}% 24
\BOOKMARK [2][-]{subsection.7.2}{\376\377\0007\000.\0002\000\040\000S\000e\000t\000u\000p}{section.7}% 25
\BOOKMARK [2][-]{subsection.7.3}{\376\377\0007\000.\0003\000\040\000R\000Q\0001\040\023\000R\000Q\0002\000:\000\040\000M\000a\000i\000n\000\040\000R\000e\000s\000u\000l\000t\000s\000\040\000\050\000t\000r\000a\000c\000e\000a\000b\000l\000e\000\040\000e\000v\000i\000d\000e\000n\000c\000e\000\040\000o\000n\000l\000y\000\051}{section.7}% 26
\BOOKMARK [2][-]{subsection.7.4}{\376\377\0007\000.\0004\000\040\000W\000i\000t\000h\000h\000e\000l\000d\000\040\000r\000e\000s\000u\000l\000t\000s\000\040\000a\000n\000d\000\040\000t\000h\000e\000\040\000p\000r\000o\000v\000e\000n\000a\000n\000c\000e\000\040\000a\000u\000d\000i\000t}{section.7}% 27
\BOOKMARK [2][-]{subsection.7.5}{\376\377\0007\000.\0005\000\040\000R\000Q\0003\000:\000\040\000C\000o\000m\000p\000o\000n\000e\000n\000t\000\040\000S\000t\000u\000d\000y}{section.7}% 28
\BOOKMARK [2][-]{subsection.7.6}{\376\377\0007\000.\0006\000\040\000R\000Q\0004\000:\000\040\000P\000u\000b\000l\000i\000c\000\040\000B\000e\000n\000c\000h\000m\000a\000r\000k\000\040\000a\000n\000d\000\040\000t\000h\000e\000\040\000H\000o\000n\000e\000s\000t\000\040\000R\000e\000a\000d\000i\000n\000g}{section.7}% 29
\BOOKMARK [2][-]{subsection.7.7}{\376\377\0007\000.\0007\000\040\000R\000Q\0005\000:\000\040\000E\000x\000p\000e\000r\000i\000e\000n\000c\000e\000\040\000S\000y\000n\000t\000h\000e\000s\000i\000s}{section.7}% 30
\BOOKMARK [2][-]{subsection.7.8}{\376\377\0007\000.\0008\000\040\000R\000Q\0006\000:\000\040\000E\000n\000d\000-\000t\000o\000-\000E\000n\000d\000\040\000V\000e\000r\000i\000f\000i\000c\000a\000t\000i\000o\000n\000\040\000o\000f\000\040\000t\000h\000e\000\040\000A\000g\000e\000n\000t\000\040\000S\000u\000r\000f\000a\000c\000e}{section.7}% 31
\BOOKMARK [2][-]{subsection.7.9}{\376\377\0007\000.\0009\000\040\000R\000e\000p\000r\000o\000d\000u\000c\000i\000b\000i\000l\000i\000t\000y\000\040\000o\000f\000\040\000t\000h\000e\000\040\000r\000e\000p\000o\000r\000t\000e\000d\000\040\000n\000u\000m\000b\000e\000r\000s}{section.7}% 32
\BOOKMARK [1][-]{section.8}{\376\377\0008\000\040\000D\000i\000s\000c\000u\000s\000s\000i\000o\000n\000\040\000a\000n\000d\000\040\000L\000i\000m\000i\000t\000a\000t\000i\000o\000n\000s}{}% 33
\BOOKMARK [1][-]{section*.41}{\376\377\000R\000e\000f\000e\000r\000e\000n\000c\000e\000s}{}% 34
